SQL> CONN JAVA/1234
Connected.
SQL> -- ERD를 참고하여 테이블 생성하기
SQL> -- Entirty Relation Diagram
SQL> SELECT TABLE_NAME FROM USER_TABLES;

TABLE_NAME                                                                      
------------------------------------------------------------                    
DEPT                                                                            
EMP                                                                             
CUSTOMER                                                                        

SQL> -- 반려동물의 주인 만들기
SQL> CREATE TABLE OWNER(
  2  	OWNER_ID NUMBER PRIMARY KEY
  3  	, OWNER_NAME VARCHAR2(20)
  4  	, PHONE VARCHAR2(20)
  5  );

Table created.

SQL> -- 보호자 테이블의 PK값을 자동 증가시켜줄 시퀀스 생성
SQL> CREATE SEQUENCE SEQ_OWNER
  2  INCREMENT BY 1
  3  START WITH 1;

Sequence created.

SQL> CREATE TABLE ANIMAL_TYPE(
  2  	ANIMAL_TYPE_ID NUMBER PRIMARY KEY
  3  	, TYPE_NAME VARCHAR2(25)
  4  );

Table created.

SQL> CREATE SEQUENCE SEQ_ANIMAL_TYPE
  2  INCREMENT BY 1
  3  START WITH 1;

Sequence created.

SQL> CREATE TABLE PET(
  2  	PET_ID NUMBER PRIMARY KEY
  3  	, PET_NAME VARCHAR2(20)
  4  	, AGE NUMBER
  5  	, OWNER_ID NUMBER
  6  	, ANIMAL_TYPE_ID NUMBER
  7  	, CONSTRAINT FK_OWNER_PET FOREIGN KEY(OWNER_ID) REFERENCES OWNER(OWNER_ID)
  8  	, CONSTRAINT FK_ANIMALTYPE_PET FOREIGN KEY(ANIMAL_TYPE_ID) REFERENCES ANIMAI_TYPE(ANIMAL_TYPE_ID)
  9  );
	, CONSTRAINT FK_ANIMALTYPE_PET FOREIGN KEY(ANIMAL_TYPE_ID) REFERENCES ANIMAI_TYPE(ANIMAL_TYPE_ID)
	                                                                      *
ERROR at line 8:
ORA-00942: table or view does not exist 


SQL> ED
Wrote file afiedt.buf

  1  CREATE TABLE PET(
  2  	PET_ID NUMBER PRIMARY KEY
  3  	, PET_NAME VARCHAR2(20)
  4  	, AGE NUMBER
  5  	, OWNER_ID NUMBER
  6  	, ANIMAL_TYPE_ID NUMBER
  7  	, CONSTRAINT FK_OWNER_PET FOREIGN KEY(OWNER_ID) REFERENCES OWNER(OWNER_ID)
  8  	, CONSTRAINT FK_ANIMALTYPE_PET FOREIGN KEY(ANIMAL_TYPE_ID) REFERENCES ANIMAL_TYPE(ANIMAL_TYPE_ID)
  9* )
SQL> /

Table created.

SQL> SPOOL OFF
